../Core/Src/fatfs_sd.c:46:13:SPI_TxBuffer	16	static
../Core/Src/fatfs_sd.c:39:13:SPI_TxByte	16	static
../Core/Src/fatfs_sd.c:25:13:SELECT	8	static
../Core/Src/fatfs_sd.c:32:13:DESELECT	8	static
../Core/Src/fatfs_sd.c:53:16:SPI_RxByte	24	static
../Core/Src/fatfs_sd.c:91:13:SD_PowerOn	16	static
../Core/Src/fatfs_sd.c:75:16:SD_ReadyWait	8	static
../Core/Src/fatfs_sd.c:170:13:SD_TxDataBlock	16	static
../Core/Src/fatfs_sd.c:212:13:SD_SendCmd	16	static
../Core/Src/fatfs_sd.c:141:13:SD_RxDataBlock	16	static
../Core/Src/fatfs_sd.c:251:9:SD_disk_initialize	32	static
../Core/Src/fatfs_sd.c:351:9:SD_disk_status	0	static
../Core/Src/fatfs_sd.c:358:9:SD_disk_read	16	static
../Core/Src/fatfs_sd.c:400:9:SD_disk_write	24	static
../Core/Src/fatfs_sd.c:455:9:SD_disk_ioctl	32	static
